2026-01-24 22:46:19,631 [INFO] __main__: Loading...
2026-01-24 22:46:21,250 [WARNING] classes.protocol_settings: File None Path, variable_screen.txt not found. Skipping...
2026-01-24 22:46:24,836 [INFO] transport.timescaledb: Loaded 0 points from disk
2026-01-24 22:46:24,846 [DEBUG] transport.timescaledb: Checking database 'solar1' existence
2026-01-24 22:46:24,846 [DEBUG] transport.timescaledb: Connecting to default 'postgres' database at 10.17.2.42:5431 as user 'KevinB'
2026-01-24 22:46:25,164 [DEBUG] transport.timescaledb: Database 'solar1' already exists
2026-01-24 22:46:25,165 [DEBUG] transport.timescaledb: Connecting to database 'solar1' at 10.17.2.42:5431 as user 'KevinB'
2026-01-24 22:46:25,238 [INFO] transport.timescaledb: tsdb_connected -> True (Connect successful)
2026-01-24 22:46:25,239 [INFO] transport.timescaledb: Connected to database 'solar1'
2026-01-24 22:46:25,290 [INFO] transport.timescaledb: ORM tables created/ensured
2026-01-24 22:46:25,291 [DEBUG] transport.timescaledb: Ensuring device_info record exists
2026-01-24 22:46:25,335 [DEBUG] transport.timescaledb: Exact device_info exists — skipping insert
2026-01-24 22:46:25,337 [INFO] transport.timescaledb: Detected 103 metrics; creating columns.
2026-01-24 22:46:25,739 [INFO] transport.timescaledb: Resyncing schema for device_metrics_wide...
2026-01-24 22:46:25,829 [INFO] transport.timescaledb: Schema resync complete for device_metrics_wide
2026-01-24 22:46:25,830 [INFO] transport.timescaledb: Ensured 103 metric columns.
2026-01-24 22:46:25,830 [INFO] transport.timescaledb: Resyncing schema for device_metrics_wide...
2026-01-24 22:46:25,831 [DEBUG] transport.timescaledb: Flush thread started.
2026-01-24 22:46:25,930 [DEBUG] transport.timescaledb: Hypertable creation ensured for: device_metrics_narrow, device_metrics_wide
2026-01-24 22:46:25,930 [INFO] transport.timescaledb: Hypertable check/creation complete
2026-01-24 22:46:25,931 [INFO] transport.timescaledb: Setting up compression policy
2026-01-24 22:46:25,941 [INFO] transport.timescaledb: Schema resync complete for device_metrics_wide
2026-01-24 22:46:25,946 [DEBUG] transport.timescaledb: _enable_compression_narrow executed
2026-01-24 22:46:25,953 [DEBUG] transport.timescaledb: _enable_compression_wide executed
2026-01-24 22:46:25,970 [DEBUG] transport.timescaledb: _add_compression_policy device_metrics_narrow for 1 day executed
2026-01-24 22:46:25,975 [DEBUG] transport.timescaledb: _add_compression_policy device_metrics_wide for 1 day executed
2026-01-24 22:46:26,020 [DEBUG] transport.timescaledb: _add_compression_policy device_metrics_narrow for 7 days executed
2026-01-24 22:46:26,038 [DEBUG] transport.timescaledb: _add_compression_policy device_metrics_wide for 7 days executed
2026-01-24 22:46:26,070 [DEBUG] transport.timescaledb: _add_compression_policy device_metrics_narrow for 1 month executed
2026-01-24 22:46:26,079 [DEBUG] transport.timescaledb: _add_compression_policy device_metrics_wide for 1 month executed
2026-01-24 22:46:26,084 [DEBUG] transport.timescaledb: _add_compression_policy device_metrics_narrow for 4 months executed
2026-01-24 22:46:26,090 [DEBUG] transport.timescaledb: _add_compression_policy device_metrics_wide for 4 months executed
2026-01-24 22:46:26,105 [DEBUG] transport.timescaledb: _add_retention_policy_narrow executed
2026-01-24 22:46:26,114 [DEBUG] transport.timescaledb: _add_retention_policy_wide executed
2026-01-24 22:46:26,114 [INFO] transport.timescaledb: Pausing flush thread for migration...
2026-01-24 22:46:26,115 [INFO] transport.timescaledb: Starting continuous aggregate setup...
2026-01-24 22:46:26,128 [INFO] transport.timescaledb: Rollup config matches for hourly_rollup_narrow. Expected: 1 hour and received '01:00:00'::interval. No rebuild required.
2026-01-24 22:46:26,139 [INFO] transport.timescaledb: Rollup config matches for daily_rollup_narrow. Expected: 1 day and received '1 day'::interval. No rebuild required.
2026-01-24 22:46:26,158 [INFO] transport.timescaledb: Rollup config matches for weekly_rollup_narrow. Expected: 1 week and received '7 days'::interval. No rebuild required.
2026-01-24 22:46:26,165 [INFO] transport.timescaledb: Rollup config matches for monthly_rollup_narrow. Expected: 1 month and received '1 mon'::interval. No rebuild required.
2026-01-24 22:46:26,182 [INFO] transport.timescaledb: Rollup config matches for hourly_rollup_wide. Expected: 1 hour and received '01:00:00'::interval. No rebuild required.
2026-01-24 22:46:26,194 [INFO] transport.timescaledb: Rollup config matches for daily_rollup_wide. Expected: 1 day and received '1 day'::interval. No rebuild required.
2026-01-24 22:46:26,216 [INFO] transport.timescaledb: Rollup config matches for weekly_rollup_wide. Expected: 1 week and received '7 days'::interval. No rebuild required.
2026-01-24 22:46:26,233 [INFO] transport.timescaledb: Rollup config matches for monthly_rollup_wide. Expected: 1 month and received '1 mon'::interval. No rebuild required.
2026-01-24 22:46:26,236 [DEBUG] transport.timescaledb: View hourly_rollup_narrow is already up to date.
2026-01-24 22:46:26,240 [DEBUG] transport.timescaledb: View daily_rollup_narrow is already up to date.
2026-01-24 22:46:26,246 [DEBUG] transport.timescaledb: View weekly_rollup_narrow is already up to date.
2026-01-24 22:46:26,261 [DEBUG] transport.timescaledb: View monthly_rollup_narrow is already up to date.
2026-01-24 22:46:26,265 [DEBUG] transport.timescaledb: View hourly_rollup_wide is already up to date.
2026-01-24 22:46:26,268 [DEBUG] transport.timescaledb: View daily_rollup_wide is already up to date.
2026-01-24 22:46:26,272 [DEBUG] transport.timescaledb: View weekly_rollup_wide is already up to date.
2026-01-24 22:46:26,276 [DEBUG] transport.timescaledb: View monthly_rollup_wide is already up to date.
2026-01-24 22:46:26,276 [INFO] transport.timescaledb: Continuous aggregate setup completed successfully.
2026-01-24 22:46:26,279 [INFO] transport.timescaledb: Resuming flush thread.
2026-01-24 22:46:26,288 [INFO] transport.timescaledb: Starting FULL refresh for hourly_rollup_narrow...
2026-01-24 22:46:26,435 [INFO] transport.timescaledb: FULL refresh COMPLETED for hourly_rollup_narrow. Duration: 0.15s (0m 0s)
2026-01-24 22:46:26,441 [INFO] transport.timescaledb: Starting FULL refresh for hourly_rollup_wide...
2026-01-24 22:46:26,509 [INFO] transport.timescaledb: FULL refresh COMPLETED for hourly_rollup_wide. Duration: 0.07s (0m 0s)
2026-01-24 22:46:26,525 [INFO] transport.timescaledb: Starting FULL refresh for daily_rollup_narrow...
2026-01-24 22:46:26,556 [INFO] transport.timescaledb: FULL refresh COMPLETED for daily_rollup_narrow. Duration: 0.03s (0m 0s)
2026-01-24 22:46:26,562 [INFO] transport.timescaledb: Starting FULL refresh for daily_rollup_wide...
2026-01-24 22:46:26,573 [INFO] transport.timescaledb: FULL refresh COMPLETED for daily_rollup_wide. Duration: 0.01s (0m 0s)
2026-01-24 22:46:26,595 [INFO] transport.timescaledb: Starting FULL refresh for weekly_rollup_narrow...
2026-01-24 22:46:26,629 [INFO] transport.timescaledb: FULL refresh COMPLETED for weekly_rollup_narrow. Duration: 0.03s (0m 0s)
2026-01-24 22:46:26,639 [INFO] transport.timescaledb: Starting FULL refresh for weekly_rollup_wide...
2026-01-24 22:46:26,668 [INFO] transport.timescaledb: FULL refresh COMPLETED for weekly_rollup_wide. Duration: 0.03s (0m 0s)
2026-01-24 22:46:26,689 [INFO] transport.timescaledb: Starting FULL refresh for monthly_rollup_narrow...
2026-01-24 22:46:26,718 [INFO] transport.timescaledb: FULL refresh COMPLETED for monthly_rollup_narrow. Duration: 0.03s (0m 0s)
2026-01-24 22:46:26,726 [INFO] transport.timescaledb: Starting FULL refresh for monthly_rollup_wide...
2026-01-24 22:46:26,761 [INFO] transport.timescaledb: FULL refresh COMPLETED for monthly_rollup_wide. Duration: 0.04s (0m 0s)
2026-01-24 22:46:26,765 [INFO] transport.timescaledb: Rollups are enabled.
2026-01-24 22:46:26,766 [INFO] transport.timescaledb: Background rollup refresh loop started.
2026-01-24 22:46:26,767 [DEBUG] transport.timescaledb: Auto rollup refresh thread started.
2026-01-24 22:46:26,767 [INFO] __main__: Connecting to modbus_tcp:transport.modbus_tcp...
2026-01-24 22:46:26,773 [DEBUG] transport.timescaledb: Refreshing continuous aggregate: hourly_rollup_wide
2026-01-24 22:46:26,795 [INFO] transport.modbus_tcp: Looking for serial_number variable in input registers...
2026-01-24 22:46:26,795 [DEBUG] transport.timescaledb: Refreshing continuous aggregate: daily_rollup_wide
2026-01-24 22:46:26,795 [INFO] transport.modbus_tcp: read SN from input registers: None
2026-01-24 22:46:26,796 [INFO] transport.modbus_tcp: Looking for serial_number variable in holding registers...
2026-01-24 22:46:26,797 [INFO] transport.modbus_tcp: read SN from holding registers: None
2026-01-24 22:46:26,797 [INFO] transport.modbus_tcp: Reading Serial No 1
2026-01-24 22:46:26,818 [DEBUG] transport.timescaledb: Refreshing continuous aggregate: weekly_rollup_wide
2026-01-24 22:46:26,835 [DEBUG] transport.timescaledb: Refreshing continuous aggregate: monthly_rollup_wide
2026-01-24 22:46:28,499 [INFO] transport.modbus_tcp: Reading Serial No 2
2026-01-24 22:46:30,200 [INFO] transport.modbus_tcp: Reading Serial No 3
2026-01-24 22:46:31,902 [INFO] transport.modbus_tcp: Reading Serial No 4
2026-01-24 22:46:33,604 [INFO] transport.modbus_tcp: Reading Serial No 5
2026-01-24 22:46:35,306 [DEBUG] transport.modbus_tcp: Serial number sn2: 
2026-01-24 22:46:35,306 [DEBUG] transport.modbus_tcp: Serial number sn3: 
2026-01-24 22:46:35,307 [INFO] __main__: Connecting to timescaledb:transport.timescaledb...
2026-01-24 22:46:36,009 [INFO] transport.modbus_tcp: get registers (0): Registry_Type.INPUT - 0 to 39 (40)
2026-01-24 22:46:37,022 [INFO] transport.modbus_tcp: get registers (1): Registry_Type.INPUT - 48 to 70 (23)
2026-01-24 22:46:38,204 [INFO] transport.modbus_tcp: get registers (2): Registry_Type.INPUT - 80 to 114 (35)
2026-01-24 22:46:39,131 [INFO] transport.modbus_tcp: get registers (3): Registry_Type.INPUT - 120 to 148 (29)
2026-01-24 22:46:40,310 [INFO] transport.modbus_tcp: get registers (4): Registry_Type.INPUT - 170 to 172 (3)
2026-01-24 22:46:41,502 [INFO] transport.modbus_tcp: get registers (5): Registry_Type.INPUT - 400 to 411 (12)
2026-01-24 22:46:42,393 [INFO] transport.modbus_tcp: get registers (0): Registry_Type.HOLDING - 21 to 21 (1)
2026-01-24 22:46:43,581 [INFO] transport.modbus_tcp: get registers (1): Registry_Type.HOLDING - 137 to 137 (1)
2026-01-24 22:46:44,781 [DEBUG] transport.timescaledb: Data: {'state': 16.0, 'vpv1': 0.0, 'vpv2': 0.0, 'vpv3': 0.0, 'vbat': 52.800000000000004, 'soc': 78, 'soh': 100, 'internal_fault': 12032.0, 'ppv1': 0.0, 'ppv2': 0.0, 'ppv3': 0.0, 'pcharge': 0.0, 'pdischarge': 724.0, 'vacr': 242.5, 'fac': 60.02, 'prec': 0.0, 'iinvrms': 3.2800000000000002, 'vepsr': 243.0, 'feps': 60.02, 'peps': 0.0, 'ptogrid': 0.0, 'ptouser': 0.0, 'epv1_day': 15.0, 'epv2_day': 0.0, 'epv3_day': 0.0, 'einv_day': 14.3, 'erec_day': 2.4000000000000004, 'echg_day': 11.0, 'edischg_day': 8.8, 'etogrid_day': 0.0, 'etouser_day': 10.0, 'vbus1': 367.40000000000003, 'vbus2': 315.8, 'erec_all_l': 492.5, 'echg_all_l': 1346.2, 'etouser_all_l': 3710.3, 'faultcode_l': 0.0, 'faultcode_h': 0.0, 'tinner': 38.0, 'tradiator1': 44.0, 'tradiator2': 41.0, 'tbat': 2.0, 'runningtime_l': 21501.0, 'runningtime_h': 292.0, 'batcomtype': 0, 'batstatus0_bms': 0.0, 'batstatus1_bms': 0.0, 'batstatus2_bms': 0.0, 'batstatus3_bms': 0.0, 'batstatus4_bms': 0.0, 'batstatus5_bms': 192.0, 'batstatus6_bms': 0.0, 'batstatus7_bms': 0.0, 'batstatus8_bms': 0.0, 'batstatus9_bms': 0.0, 'batstatus_inv': 3.0, 'batparallelnum': 2.0, 'batcapacity': 200.0, 'batcurrent_bms': -1.4000000000000001, 'faultcode_bms': 0.0, 'maxcellvolt_bms': 3.307, 'mincellvolt_bms': 3.3040000000000003, 'maxcelltemp_bms': 27.0, 'mincelltemp_bms': 25.0, 'cyclecnt_bms': 270.0, 'batvoltsample_inv': 52.7, 't1': 37.1, 'ongridloadpower': 708.0, 'vbusp': 183.8, 'genfreq': 0.0, 'genpower': 0.0, 'egen_day': 0.0, 'epsvoltl1n': 120.7, 'epsvoltl2n': 121.2, 'afci_currch1': 1184.0, 'afci_currch2': 1197.0, 'afci_currch3': 78.0, 'afci_currch4': 2.0, 'afciflag_arcalarmch1': 0, 'afciflag_arcalarmch2': 0, 'afciflag_arcalarmch3': 0, 'afciflag_arcalarmch4': 1, 'afci_arcch1': 9216.0, 'afci_arcch2': 5.0, 'afci_arcch3': 0.0, 'afci_arcch4': 769.0, 'pload': 670.0, 'eload_day': 21.8, 'eload_alll': 4852.6, 'faultrecord1_yandm': 0.0, 'faultrecord1_dandh': 0.0, 'faultrecord1_mands': 0.0, 'faultrecord1_code': 0.0, 'faultrecord1_value': 0.0, 'faultrecord1_setorclr': 0.0, 'faultrecord2_yandm': 0.0, 'faultrecord2_dandh': 0.0, 'faultrecord2_mands': 0.0, 'faultrecord2_code': 0.0, 'faultrecord2_value': 0.0, 'faultrecord2_setorclr': 0.0, 'funcen_acchargeen': 7.0, 'specloadcompensate': 21.0}
2026-01-24 22:46:44,783 [DEBUG] transport.timescaledb: writing data from [transport.modbus_tcp] to timescaledb bridge
